// Jest Snapshot v1, https://goo.gl/fbAQLP

exports[`renders correctly 1`] = `
<div
  className="MuiPaper-root MuiPaper-elevation1 makeStyles-root-1 MuiPaper-rounded"
>
  <table
    className="MuiTable-root makeStyles-table-2"
  >
    <thead
      className="MuiTableHead-root"
    >
      <tr
        className="MuiTableRow-root MuiTableRow-head"
      >
        <th
          aria-sort={null}
          className="MuiTableCell-root MuiTableCell-alignLeft MuiTableCell-sizeSmall MuiTableCell-head"
          scope="col"
        >
          Date
        </th>
        <th
          aria-sort={null}
          className="MuiTableCell-root MuiTableCell-alignRight MuiTableCell-sizeSmall MuiTableCell-head"
          scope="col"
        >
          Stairs
        </th>
      </tr>
    </thead>
    <tbody
      className="MuiTableBody-root"
    >
      <tr
        className="MuiTableRow-root"
      >
        <td
          aria-sort={null}
          className="MuiTableCell-root MuiTableCell-alignLeft MuiTableCell-sizeSmall MuiTableCell-body"
        >
          2019-08-07T08:00:03Z
        </td>
        <td
          aria-sort={null}
          className="MuiTableCell-root MuiTableCell-alignRight MuiTableCell-sizeSmall MuiTableCell-body"
        >
          5
        </td>
      </tr>
    </tbody>
  </table>
</div>
`;
