// Jest Snapshot v1, https://goo.gl/fbAQLP

exports[`renders button disabled 1`] = `
<main
  className="MuiContainer-root MuiContainer-maxWidthXs"
>
  <div
    className="makeStyles-appBarSpacer-1"
  />
  <div
    className="makeStyles-paper-3"
  >
    <h1
      className="MuiTypography-root MuiTypography-h5"
    >
      Add Stairs
    </h1>
    <form
      className="makeStyles-form-5"
      noValidate={true}
    >
      <div
        className="MuiFormControl-root MuiTextField-root MuiFormControl-marginNormal MuiFormControl-fullWidth"
      >
        <label
          className="MuiFormLabel-root MuiInputLabel-root MuiInputLabel-formControl MuiInputLabel-animated MuiInputLabel-outlined Mui-required Mui-required"
          data-shrink={false}
          htmlFor="stairs"
          id="stairs-label"
        >
          Stairs
          <span
            className="MuiFormLabel-asterisk MuiInputLabel-asterisk"
          >
             
            *
          </span>
        </label>
        <div
          className="MuiInputBase-root MuiOutlinedInput-root MuiInputBase-fullWidth MuiInputBase-formControl"
          onClick={[Function]}
        >
          <input
            aria-invalid={false}
            className="MuiInputBase-input MuiOutlinedInput-input"
            disabled={false}
            id="stairs"
            name="stairs"
            onAnimationStart={[Function]}
            onBlur={[Function]}
            onChange={[Function]}
            onFocus={[Function]}
            required={true}
            type="text"
          />
          <fieldset
            aria-hidden={true}
            className="PrivateNotchedOutline-root-103 MuiOutlinedInput-notchedOutline"
            style={
              Object {
                "paddingLeft": 8,
              }
            }
          >
            <legend
              className="PrivateNotchedOutline-legend-104"
              style={
                Object {
                  "width": 0.01,
                }
              }
            >
              <span
                dangerouslySetInnerHTML={
                  Object {
                    "__html": "&#8203;",
                  }
                }
              />
            </legend>
          </fieldset>
        </div>
      </div>
      <button
        className="MuiButtonBase-root MuiButton-root MuiButton-contained makeStyles-submit-6 MuiButton-containedPrimary Mui-disabled MuiButton-fullWidth Mui-disabled"
        disabled={true}
        onBlur={[Function]}
        onDragLeave={[Function]}
        onFocus={[Function]}
        onKeyDown={[Function]}
        onKeyUp={[Function]}
        onMouseDown={[Function]}
        onMouseLeave={[Function]}
        onMouseUp={[Function]}
        onTouchEnd={[Function]}
        onTouchMove={[Function]}
        onTouchStart={[Function]}
        tabIndex={-1}
        type="submit"
      >
        <span
          className="MuiButton-label"
        >
          Add
        </span>
      </button>
    </form>
  </div>
</main>
`;

exports[`renders correctly 1`] = `
<main
  className="MuiContainer-root MuiContainer-maxWidthXs"
>
  <div
    className="makeStyles-appBarSpacer-1"
  />
  <div
    className="makeStyles-paper-3"
  >
    <h1
      className="MuiTypography-root MuiTypography-h5"
    >
      Add Stairs
    </h1>
    <form
      className="makeStyles-form-5"
      noValidate={true}
    >
      <div
        className="MuiFormControl-root MuiTextField-root MuiFormControl-marginNormal MuiFormControl-fullWidth"
      >
        <label
          className="MuiFormLabel-root MuiInputLabel-root MuiInputLabel-formControl MuiInputLabel-animated MuiInputLabel-outlined Mui-required Mui-required"
          data-shrink={false}
          htmlFor="stairs"
          id="stairs-label"
        >
          Stairs
          <span
            className="MuiFormLabel-asterisk MuiInputLabel-asterisk"
          >
             
            *
          </span>
        </label>
        <div
          className="MuiInputBase-root MuiOutlinedInput-root MuiInputBase-fullWidth MuiInputBase-formControl"
          onClick={[Function]}
        >
          <input
            aria-invalid={false}
            className="MuiInputBase-input MuiOutlinedInput-input"
            disabled={false}
            id="stairs"
            name="stairs"
            onAnimationStart={[Function]}
            onBlur={[Function]}
            onChange={[Function]}
            onFocus={[Function]}
            required={true}
            type="text"
          />
          <fieldset
            aria-hidden={true}
            className="PrivateNotchedOutline-root-103 MuiOutlinedInput-notchedOutline"
            style={
              Object {
                "paddingLeft": 8,
              }
            }
          >
            <legend
              className="PrivateNotchedOutline-legend-104"
              style={
                Object {
                  "width": 0.01,
                }
              }
            >
              <span
                dangerouslySetInnerHTML={
                  Object {
                    "__html": "&#8203;",
                  }
                }
              />
            </legend>
          </fieldset>
        </div>
      </div>
      <button
        className="MuiButtonBase-root MuiButton-root MuiButton-contained makeStyles-submit-6 MuiButton-containedPrimary MuiButton-fullWidth"
        disabled={false}
        onBlur={[Function]}
        onDragLeave={[Function]}
        onFocus={[Function]}
        onKeyDown={[Function]}
        onKeyUp={[Function]}
        onMouseDown={[Function]}
        onMouseLeave={[Function]}
        onMouseUp={[Function]}
        onTouchEnd={[Function]}
        onTouchMove={[Function]}
        onTouchStart={[Function]}
        tabIndex={0}
        type="submit"
      >
        <span
          className="MuiButton-label"
        >
          Add
        </span>
      </button>
    </form>
  </div>
</main>
`;
