// Jest Snapshot v1, https://goo.gl/fbAQLP

exports[`renders correctly 1`] = `
<WithStyles(ForwardRef(Typography))
  color="primary"
  component="h2"
  gutterBottom={true}
  variant="h6"
>
  Hi!
</WithStyles(ForwardRef(Typography))>
`;
